// Jest Snapshot v1, https://goo.gl/fbAQLP

exports[`<Card /> should match snapshot 1`] = `
Object {
  "asFragment": [Function],
  "baseElement": <body>
    <div>
      <div
        class="container"
      >
        <div
          class="thumb-wrapper"
          data-testid="thumb-wrapper"
        >
          <img
            alt="$1 VS $29,000 House!"
            class="thumb"
            src="https://i.ytimg.com/vi/1lIi1txDVzo/default.jpg"
          />
        </div>
        <div
          class="info"
        >
          <div
            class="MuiAvatar-root MuiAvatar-circular css-1wlk0hk-MuiAvatar-root"
          >
            <img
              alt="video"
              class="MuiAvatar-img css-1pqm26d-MuiAvatar-img"
              src="https://i.ytimg.com/vi/1lIi1txDVzo/default.jpg"
            />
          </div>
          <div
            class="info__text"
          >
            <h2>
              $1 VS $29,000 House!
            </h2>
            <h4>
              MrBeast Gaming • 7.9M views
            </h4>
          </div>
        </div>
      </div>
    </div>
  </body>,
  "container": <div>
    <div
      class="container"
    >
      <div
        class="thumb-wrapper"
        data-testid="thumb-wrapper"
      >
        <img
          alt="$1 VS $29,000 House!"
          class="thumb"
          src="https://i.ytimg.com/vi/1lIi1txDVzo/default.jpg"
        />
      </div>
      <div
        class="info"
      >
        <div
          class="MuiAvatar-root MuiAvatar-circular css-1wlk0hk-MuiAvatar-root"
        >
          <img
            alt="video"
            class="MuiAvatar-img css-1pqm26d-MuiAvatar-img"
            src="https://i.ytimg.com/vi/1lIi1txDVzo/default.jpg"
          />
        </div>
        <div
          class="info__text"
        >
          <h2>
            $1 VS $29,000 House!
          </h2>
          <h4>
            MrBeast Gaming • 7.9M views
          </h4>
        </div>
      </div>
    </div>
  </div>,
  "debug": [Function],
  "findAllByAltText": [Function],
  "findAllByDisplayValue": [Function],
  "findAllByLabelText": [Function],
  "findAllByPlaceholderText": [Function],
  "findAllByRole": [Function],
  "findAllByTestId": [Function],
  "findAllByText": [Function],
  "findAllByTitle": [Function],
  "findByAltText": [Function],
  "findByDisplayValue": [Function],
  "findByLabelText": [Function],
  "findByPlaceholderText": [Function],
  "findByRole": [Function],
  "findByTestId": [Function],
  "findByText": [Function],
  "findByTitle": [Function],
  "getAllByAltText": [Function],
  "getAllByDisplayValue": [Function],
  "getAllByLabelText": [Function],
  "getAllByPlaceholderText": [Function],
  "getAllByRole": [Function],
  "getAllByTestId": [Function],
  "getAllByText": [Function],
  "getAllByTitle": [Function],
  "getByAltText": [Function],
  "getByDisplayValue": [Function],
  "getByLabelText": [Function],
  "getByPlaceholderText": [Function],
  "getByRole": [Function],
  "getByTestId": [Function],
  "getByText": [Function],
  "getByTitle": [Function],
  "queryAllByAltText": [Function],
  "queryAllByDisplayValue": [Function],
  "queryAllByLabelText": [Function],
  "queryAllByPlaceholderText": [Function],
  "queryAllByRole": [Function],
  "queryAllByTestId": [Function],
  "queryAllByText": [Function],
  "queryAllByTitle": [Function],
  "queryByAltText": [Function],
  "queryByDisplayValue": [Function],
  "queryByLabelText": [Function],
  "queryByPlaceholderText": [Function],
  "queryByRole": [Function],
  "queryByTestId": [Function],
  "queryByText": [Function],
  "queryByTitle": [Function],
  "rerender": [Function],
  "unmount": [Function],
}
`;
