// Jest Snapshot v1, https://goo.gl/fbAQLP

exports[`<VideoCard /> should match snapshot 1`] = `
Object {
  "asFragment": [Function],
  "baseElement": <body>
    <div>
      <div
        class="video-container"
      >
        <div
          data-testid="thumbnail-wrapper"
        >
          <img
            alt="Would You Swim With Sharks For $100,000?"
            class="video-thumb"
            src="https://i.ytimg.com/vi/LnlKwzc_TNA/maxresdefault.jpg"
          />
        </div>
        <div
          class="video-info"
        >
          <div
            class="MuiAvatar-root MuiAvatar-circular css-1wlk0hk-MuiAvatar-root"
          >
            <img
              alt="channel"
              class="MuiAvatar-img css-1pqm26d-MuiAvatar-img"
              src="logo.svg"
            />
          </div>
          <div
            class="video-info__text"
          >
            <h2>
              Would You Swim With Sharks For $100,000?
            </h2>
            <h4>
              MrBeast • 13.5M views
            </h4>
          </div>
        </div>
      </div>
    </div>
  </body>,
  "container": <div>
    <div
      class="video-container"
    >
      <div
        data-testid="thumbnail-wrapper"
      >
        <img
          alt="Would You Swim With Sharks For $100,000?"
          class="video-thumb"
          src="https://i.ytimg.com/vi/LnlKwzc_TNA/maxresdefault.jpg"
        />
      </div>
      <div
        class="video-info"
      >
        <div
          class="MuiAvatar-root MuiAvatar-circular css-1wlk0hk-MuiAvatar-root"
        >
          <img
            alt="channel"
            class="MuiAvatar-img css-1pqm26d-MuiAvatar-img"
            src="logo.svg"
          />
        </div>
        <div
          class="video-info__text"
        >
          <h2>
            Would You Swim With Sharks For $100,000?
          </h2>
          <h4>
            MrBeast • 13.5M views
          </h4>
        </div>
      </div>
    </div>
  </div>,
  "debug": [Function],
  "findAllByAltText": [Function],
  "findAllByDisplayValue": [Function],
  "findAllByLabelText": [Function],
  "findAllByPlaceholderText": [Function],
  "findAllByRole": [Function],
  "findAllByTestId": [Function],
  "findAllByText": [Function],
  "findAllByTitle": [Function],
  "findByAltText": [Function],
  "findByDisplayValue": [Function],
  "findByLabelText": [Function],
  "findByPlaceholderText": [Function],
  "findByRole": [Function],
  "findByTestId": [Function],
  "findByText": [Function],
  "findByTitle": [Function],
  "getAllByAltText": [Function],
  "getAllByDisplayValue": [Function],
  "getAllByLabelText": [Function],
  "getAllByPlaceholderText": [Function],
  "getAllByRole": [Function],
  "getAllByTestId": [Function],
  "getAllByText": [Function],
  "getAllByTitle": [Function],
  "getByAltText": [Function],
  "getByDisplayValue": [Function],
  "getByLabelText": [Function],
  "getByPlaceholderText": [Function],
  "getByRole": [Function],
  "getByTestId": [Function],
  "getByText": [Function],
  "getByTitle": [Function],
  "queryAllByAltText": [Function],
  "queryAllByDisplayValue": [Function],
  "queryAllByLabelText": [Function],
  "queryAllByPlaceholderText": [Function],
  "queryAllByRole": [Function],
  "queryAllByTestId": [Function],
  "queryAllByText": [Function],
  "queryAllByTitle": [Function],
  "queryByAltText": [Function],
  "queryByDisplayValue": [Function],
  "queryByLabelText": [Function],
  "queryByPlaceholderText": [Function],
  "queryByRole": [Function],
  "queryByTestId": [Function],
  "queryByText": [Function],
  "queryByTitle": [Function],
  "rerender": [Function],
  "unmount": [Function],
}
`;
